// Vitest Snapshot v1

exports[`CrudDialog > renders properly 1`] = `"CardItem testHello this is a CardItem test"`;
