// Vitest Snapshot v1

exports[`CrudDialog > renders properly 1`] = `"Registration *Capacity *Autonomy *Tare *Active *"`;
